BL51 BANKED LINKER/LOCATER V6.15                                                        10/04/2025  12:34:39  PAGE 1


BL51 BANKED LINKER/LOCATER V6.15, INVOKED BY:
C:\KEIL\C51\BIN\BL51.EXE STARTUP.obj, P6_2_led.obj, P6_1.3.obj, P6_1.2.obj, P6_1.1.obj TO TEST2


MEMORY MODEL: SMALL


INPUT MODULES INCLUDED:
  STARTUP.obj (?C_STARTUP)
  P6_2_led.obj (P6_2_LED)
  P6_1.3.obj (P6_1_3)
  P6_1.2.obj (P6_1_2)
  P6_1.1.obj (P6_1_1)


LINK MAP OF MODULE:  TEST2 (?C_STARTUP)


            TYPE    BASE      LENGTH    RELOCATION   SEGMENT NAME
            -----------------------------------------------------

            * * * * * * *   D A T A   M E M O R Y   * * * * * * *
            REG     0000H     0008H     ABSOLUTE     "REG BANK 0"
            IDATA   0008H     0001H     UNIT         ?STACK

            * * * * * * *   C O D E   M E M O R Y   * * * * * * *
            CODE    0000H     0003H     ABSOLUTE     
* OVERLAP * CODE    0000H     0011H     ABSOLUTE     
* OVERLAP * CODE    0000H     0011H     ABSOLUTE     
* OVERLAP * CODE    0000H     001AH     ABSOLUTE     
                    001AH     07E6H                  *** GAP ***
            CODE    0800H     0038H     UNIT         ?PR?MAIN?P6_2_LED
            CODE    0838H     001DH     UNIT         ?PR?DELAY?P6_2_LED
            CODE    0855H     000CH     UNIT         ?C_C51STARTUP



OVERLAY MAP OF MODULE:   TEST2 (?C_STARTUP)


SEGMENT
  +--> CALLED SEGMENT
---------------------
?C_C51STARTUP
  +--> ?PR?MAIN?P6_2_LED

?PR?MAIN?P6_2_LED
  +--> ?PR?DELAY?P6_2_LED



SYMBOL TABLE OF MODULE:  TEST2 (?C_STARTUP)

  VALUE           TYPE          NAME
  ----------------------------------

  -------         MODULE        ?C_STARTUP
  C:0855H         SEGMENT       ?C_C51STARTUP
BL51 BANKED LINKER/LOCATER V6.15                                                      10/04/2025  12:34:39  PAGE 2


  I:0008H         SEGMENT       ?STACK
  C:0000H         PUBLIC        ?C_STARTUP
  D:00E0H         SYMBOL        ACC
  D:00F0H         SYMBOL        B
  D:0083H         SYMBOL        DPH
  D:0082H         SYMBOL        DPL
  N:0000H         SYMBOL        IBPSTACK
  N:0100H         SYMBOL        IBPSTACKTOP
  N:0080H         SYMBOL        IDATALEN
  C:0858H         SYMBOL        IDATALOOP
  N:0000H         SYMBOL        PBPSTACK
  N:0100H         SYMBOL        PBPSTACKTOP
  N:0000H         SYMBOL        PDATALEN
  N:0000H         SYMBOL        PDATASTART
  N:0000H         SYMBOL        PPAGE
  N:0000H         SYMBOL        PPAGEENABLE
  D:00A0H         SYMBOL        PPAGE_SFR
  D:0081H         SYMBOL        SP
  C:0855H         SYMBOL        STARTUP1
  N:0000H         SYMBOL        XBPSTACK
  N:0000H         SYMBOL        XBPSTACKTOP
  N:0000H         SYMBOL        XDATALEN
  N:0000H         SYMBOL        XDATASTART
  C:0000H         LINE#         126
  C:0855H         LINE#         133
  C:0857H         LINE#         134
  C:0858H         LINE#         135
  C:0859H         LINE#         136
  C:085BH         LINE#         185
  C:085EH         LINE#         196
  -------         ENDMOD        ?C_STARTUP

  -------         MODULE        P6_2_LED
  C:0000H         SYMBOL        _ICE_DUMMY_
  D:0090H         PUBLIC        P1
  C:0838H         PUBLIC        delay
  C:0800H         PUBLIC        main
  -------         PROC          DELAY
  -------         DO            
  D:0006H         SYMBOL        i
  D:0004H         SYMBOL        j
  -------         ENDDO         
  C:0838H         LINE#         3
  C:0838H         LINE#         6
  C:083BH         LINE#         7
  C:083EH         LINE#         8
  C:0849H         LINE#         9
  C:0854H         LINE#         10
  -------         ENDPROC       DELAY
  -------         PROC          MAIN
  C:0800H         LINE#         12
  C:0800H         LINE#         13
  C:0800H         LINE#         14
  C:0803H         LINE#         15
  C:0806H         LINE#         16
  C:0809H         LINE#         17
  C:080CH         LINE#         18
BL51 BANKED LINKER/LOCATER V6.15                                                      10/04/2025  12:34:39  PAGE 3


  C:080FH         LINE#         19
  C:0812H         LINE#         20
  C:0815H         LINE#         21
  C:0818H         LINE#         22
  C:081BH         LINE#         23
  C:081EH         LINE#         24
  C:0821H         LINE#         25
  C:0824H         LINE#         26
  C:0827H         LINE#         27
  C:082AH         LINE#         28
  C:082DH         LINE#         29
  C:0830H         LINE#         30
  C:0833H         LINE#         31
  C:0836H         LINE#         33
  -------         ENDPROC       MAIN
  -------         ENDMOD        P6_2_LED

  -------         MODULE        P6_1_3
  D:00F0H         SYMBOL        B
  D:00D0H         SYMBOL        PSW
  C:0000H         LINE#         1
  C:0002H         LINE#         2
  C:0005H         LINE#         3
  C:0007H         LINE#         5
  C:0009H         LINE#         6
  C:000BH         LINE#         7
  C:000CH         LINE#         8
  C:000EH         LINE#         9
  C:0010H         LINE#         10
  -------         ENDMOD        P6_1_3

  -------         MODULE        P6_1_2
  D:00F0H         SYMBOL        B
  D:00D0H         SYMBOL        PSW
  C:0000H         LINE#         1
  C:0002H         LINE#         2
  C:0005H         LINE#         3
  C:0007H         LINE#         5
  C:0009H         LINE#         6
  C:000CH         LINE#         7
  C:000FH         LINE#         8
  -------         ENDMOD        P6_1_2

  -------         MODULE        P6_1_1
  D:00F0H         SYMBOL        B
  D:00D0H         SYMBOL        PSW
  C:0000H         LINE#         1
  C:0002H         LINE#         2
  C:0005H         LINE#         3
  C:0007H         LINE#         4
  C:000AH         LINE#         6
  C:000BH         LINE#         7
  C:000EH         LINE#         8
  C:0010H         LINE#         9
  C:0011H         LINE#         10
  C:0014H         LINE#         11
  C:0015H         LINE#         12
BL51 BANKED LINKER/LOCATER V6.15                                                      10/04/2025  12:34:39  PAGE 4


  C:0018H         LINE#         13
  -------         ENDMOD        P6_1_1

*** WARNING L5: CODE SPACE MEMORY OVERLAP
    FROM:    0000H
    TO:      0002H

*** WARNING L5: CODE SPACE MEMORY OVERLAP
    FROM:    0000H
    TO:      0010H

*** WARNING L5: CODE SPACE MEMORY OVERLAP
    FROM:    0000H
    TO:      0010H

******************************************************************************
* RESTRICTED VERSION WITH 0800H BYTE CODE SIZE LIMIT; USED: 00A0H BYTE ( 7%) *
******************************************************************************

Program Size: data=9.0 xdata=0 code=160
LINK/LOCATE RUN COMPLETE.  3 WARNING(S),  0 ERROR(S)
